  compress.cpp
  crypto.cpp
D:\vsproject\PEShell\PEShell\crypto.cpp(84,31): warning C4244: “=”: 从“__int64”转换到“int”，可能丢失数据
  ExportTable.cpp
D:\vsproject\PEShell\PEShell\ExportTable.cpp(34,56): warning C4311: “类型强制转换”: 从“PIMAGE_DOS_HEADER”到“DWORD”的指针截断
D:\vsproject\PEShell\PEShell\ExportTable.cpp(34,56): warning C4302: “类型强制转换”: 从“PIMAGE_DOS_HEADER”到“DWORD”截断
D:\vsproject\PEShell\PEShell\ExportTable.cpp(34,72): warning C4312: “类型强制转换”: 从“unsigned long”转换到更大的“PIMAGE_NT_HEADERS”
  ForgeFilename.cpp
D:\vsproject\PEShell\PEShell\ForgeFilename.cpp(29,79): warning C4267: “参数”: 从“size_t”转换到“int”，可能丢失数据
D:\vsproject\PEShell\PEShell\ForgeFilename.cpp(40,2): warning C4267: “初始化”: 从“size_t”转换到“int”，可能丢失数据
D:\vsproject\PEShell\PEShell\ForgeFilename.cpp(48,91): warning C4267: “参数”: 从“size_t”转换到“int”，可能丢失数据
  FileHelper.cpp
D:\vsproject\PEShell\PEShell\FileHelper.cpp(90,38): warning C4267: “=”: 从“size_t”转换到“int”，可能丢失数据
D:\vsproject\PEShell\PEShell\FileHelper.cpp(127,39): warning C4267: “=”: 从“size_t”转换到“int”，可能丢失数据
  ImportTable.cpp
D:\vsproject\PEShell\PEShell\ImportTable.cpp(26,51): warning C4312: “类型强制转换”: 从“DWORD”转换到更大的“PIMAGE_DOS_HEADER”
D:\vsproject\PEShell\PEShell\ImportTable.cpp(27,56): warning C4311: “类型强制转换”: 从“PIMAGE_DOS_HEADER”到“DWORD”的指针截断
D:\vsproject\PEShell\PEShell\ImportTable.cpp(27,56): warning C4302: “类型强制转换”: 从“PIMAGE_DOS_HEADER”到“DWORD”截断
D:\vsproject\PEShell\PEShell\ImportTable.cpp(27,72): warning C4312: “类型强制转换”: 从“unsigned long”转换到更大的“PIMAGE_NT_HEADERS”
D:\vsproject\PEShell\PEShell\ImportTable.cpp(31,74): warning C4312: “类型强制转换”: 从“unsigned long”转换到更大的“PIMAGE_IMPORT_DESCRIPTOR”
D:\vsproject\PEShell\PEShell\ImportTable.cpp(41,61): warning C4312: “类型强制转换”: 从“unsigned long”转换到更大的“const char *”
D:\vsproject\PEShell\PEShell\ImportTable.cpp(53,81): warning C4312: “类型强制转换”: 从“unsigned long”转换到更大的“PIMAGE_THUNK_DATA”
D:\vsproject\PEShell\PEShell\ImportTable.cpp(54,75): warning C4312: “类型强制转换”: 从“unsigned long”转换到更大的“PIMAGE_THUNK_DATA”
D:\vsproject\PEShell\PEShell\ImportTable.cpp(75,62): warning C4311: “类型强制转换”: 从“FARPROC”到“DWORD”的指针截断
D:\vsproject\PEShell\PEShell\ImportTable.cpp(75,62): warning C4302: “类型强制转换”: 从“FARPROC”到“DWORD”截断
D:\vsproject\PEShell\PEShell\ImportTable.cpp(79,62): warning C4311: “类型强制转换”: 从“FARPROC”到“DWORD”的指针截断
D:\vsproject\PEShell\PEShell\ImportTable.cpp(79,62): warning C4302: “类型强制转换”: 从“FARPROC”到“DWORD”截断
  main.cpp
D:\vsproject\PEShell\PEShell\main.cpp(198,25): warning C4267: “初始化”: 从“size_t”转换到“int”，可能丢失数据
D:\vsproject\PEShell\PEShell\main.cpp(201,92): warning C4267: “参数”: 从“size_t”转换到“int”，可能丢失数据
D:\vsproject\PEShell\PEShell\main.cpp(205,96): warning C4267: “参数”: 从“size_t”转换到“int”，可能丢失数据
  PEParser.cpp
D:\vsproject\PEShell\PEShell\PEParser.cpp(223,90): warning C4311: “类型强制转换”: 从“FARPROC”到“DWORD”的指针截断
D:\vsproject\PEShell\PEShell\PEParser.cpp(223,90): warning C4302: “类型强制转换”: 从“FARPROC”到“DWORD”截断
D:\vsproject\PEShell\PEShell\PEParser.cpp(224,82): warning C4311: “类型强制转换”: 从“FARPROC”到“DWORD”的指针截断
D:\vsproject\PEShell\PEShell\PEParser.cpp(224,82): warning C4302: “类型强制转换”: 从“FARPROC”到“DWORD”截断
  Public.cpp
D:\vsproject\PEShell\PEShell\Public.cpp(112,27): warning C4267: “初始化”: 从“size_t”转换到“int”，可能丢失数据
D:\vsproject\PEShell\PEShell\Public.cpp(113,46): warning C4267: “初始化”: 从“size_t”转换到“int”，可能丢失数据
  Reloc.cpp
D:\vsproject\PEShell\PEShell\Reloc.cpp(4,51): warning C4312: “类型强制转换”: 从“DWORD”转换到更大的“PIMAGE_DOS_HEADER”
D:\vsproject\PEShell\PEShell\Reloc.cpp(5,68): warning C4312: “类型强制转换”: 从“unsigned long”转换到更大的“PIMAGE_NT_HEADERS”
D:\vsproject\PEShell\PEShell\Reloc.cpp(13,84): warning C4312: “类型强制转换”: 从“unsigned long”转换到更大的“PIMAGE_BASE_RELOCATION”
D:\vsproject\PEShell\PEShell\Reloc.cpp(24,90): warning C4312: “类型强制转换”: 从“unsigned long”转换到更大的“DWORD *”
D:\vsproject\PEShell\PEShell\Reloc.cpp(25,18): warning C4244: “初始化”: 从“ULONGLONG”转换到“DWORD”，可能丢失数据
  Resource.cpp
D:\vsproject\PEShell\PEShell\Resource.cpp(18,88): warning C4311: “类型强制转换”: 从“PIMAGE_RESOURCE_DIRECTORY”到“DWORD”的指针截断
D:\vsproject\PEShell\PEShell\Resource.cpp(18,88): warning C4302: “类型强制转换”: 从“PIMAGE_RESOURCE_DIRECTORY”到“DWORD”截断
D:\vsproject\PEShell\PEShell\Resource.cpp(29,85): warning C4312: “类型强制转换”: 从“unsigned long”转换到更大的“PIMAGE_RESOURCE_DIR_STRING_U”
D:\vsproject\PEShell\PEShell\Resource.cpp(38,81): warning C4312: “类型强制转换”: 从“unsigned long”转换到更大的“PIMAGE_RESOURCE_DIRECTORY”
D:\vsproject\PEShell\PEShell\Resource.cpp(43,83): warning C4312: “类型强制转换”: 从“unsigned long”转换到更大的“PIMAGE_RESOURCE_DATA_ENTRY”
D:\vsproject\PEShell\PEShell\Resource.cpp(52,87): warning C4312: “类型强制转换”: 从“unsigned long”转换到更大的“PIMAGE_RESOURCE_DIR_STRING_U”
D:\vsproject\PEShell\PEShell\Resource.cpp(70,51): warning C4312: “类型强制转换”: 从“DWORD”转换到更大的“PIMAGE_DOS_HEADER”
D:\vsproject\PEShell\PEShell\Resource.cpp(71,68): warning C4312: “类型强制转换”: 从“unsigned long”转换到更大的“PIMAGE_NT_HEADERS”
D:\vsproject\PEShell\PEShell\Resource.cpp(74,122): warning C4312: “类型强制转换”: 从“unsigned long”转换到更大的“PIMAGE_RESOURCE_DIRECTORY”
D:\vsproject\PEShell\PEShell\Resource.cpp(78,34): warning C4311: “类型强制转换”: 从“PIMAGE_RESOURCE_DIRECTORY”到“DWORD”的指针截断
D:\vsproject\PEShell\PEShell\Resource.cpp(78,34): warning C4302: “类型强制转换”: 从“PIMAGE_RESOURCE_DIRECTORY”到“DWORD”截断
D:\vsproject\PEShell\PEShell\Resource.cpp(85,51): warning C4312: “类型强制转换”: 从“DWORD”转换到更大的“PIMAGE_DOS_HEADER”
D:\vsproject\PEShell\PEShell\Resource.cpp(86,68): warning C4312: “类型强制转换”: 从“unsigned long”转换到更大的“PIMAGE_NT_HEADERS”
D:\vsproject\PEShell\PEShell\Resource.cpp(91,93): warning C4312: “类型强制转换”: 从“unsigned long”转换到更大的“PIMAGE_RESOURCE_DIRECTORY”
D:\vsproject\PEShell\PEShell\Resource.cpp(95,35): warning C4311: “类型强制转换”: 从“PIMAGE_RESOURCE_DIRECTORY”到“DWORD”的指针截断
D:\vsproject\PEShell\PEShell\Resource.cpp(95,35): warning C4302: “类型强制转换”: 从“PIMAGE_RESOURCE_DIRECTORY”到“DWORD”截断
D:\vsproject\PEShell\PEShell\Resource.cpp(95,55): warning C4311: “类型强制转换”: 从“const char *”到“DWORD”的指针截断
D:\vsproject\PEShell\PEShell\Resource.cpp(95,55): warning C4302: “类型强制转换”: 从“const char *”到“DWORD”截断
  RVA.cpp
D:\vsproject\PEShell\PEShell\RVA.cpp(6,51): warning C4312: “类型强制转换”: 从“DWORD”转换到更大的“PIMAGE_DOS_HEADER”
D:\vsproject\PEShell\PEShell\RVA.cpp(7,56): warning C4311: “类型强制转换”: 从“PIMAGE_DOS_HEADER”到“DWORD”的指针截断
D:\vsproject\PEShell\PEShell\RVA.cpp(7,56): warning C4302: “类型强制转换”: 从“PIMAGE_DOS_HEADER”到“DWORD”截断
D:\vsproject\PEShell\PEShell\RVA.cpp(7,72): warning C4312: “类型强制转换”: 从“unsigned long”转换到更大的“PIMAGE_NT_HEADERS”
D:\vsproject\PEShell\PEShell\RVA.cpp(30,51): warning C4312: “类型强制转换”: 从“DWORD”转换到更大的“PIMAGE_DOS_HEADER”
D:\vsproject\PEShell\PEShell\RVA.cpp(31,56): warning C4311: “类型强制转换”: 从“PIMAGE_DOS_HEADER”到“DWORD”的指针截断
D:\vsproject\PEShell\PEShell\RVA.cpp(31,56): warning C4302: “类型强制转换”: 从“PIMAGE_DOS_HEADER”到“DWORD”截断
D:\vsproject\PEShell\PEShell\RVA.cpp(31,72): warning C4312: “类型强制转换”: 从“unsigned long”转换到更大的“PIMAGE_NT_HEADERS”
  Section.cpp
D:\vsproject\PEShell\PEShell\Section.cpp(61,27): warning C4267: “初始化”: 从“size_t”转换到“int”，可能丢失数据
  SetIcon.cpp
D:\vsproject\PEShell\PEShell\SetIcon.cpp(98,31): warning C4311: “类型强制转换”: 从“void *”到“DWORD”的指针截断
D:\vsproject\PEShell\PEShell\SetIcon.cpp(98,31): warning C4302: “类型强制转换”: 从“void *”到“DWORD”截断
D:\vsproject\PEShell\PEShell\SetIcon.cpp(98,68): warning C4312: “类型强制转换”: 从“unsigned long”转换到更大的“void *”
  md5.c
LINK : warning LNK4098: 默认库“MSVCRT”与其他库的使用冲突；请使用 /NODEFAULTLIB:library
  正在生成代码
  37 of 182 functions (20.3%) were compiled, the rest were copied from previous compilation.
    30 functions were new in current compilation
    34 functions had inline decision re-evaluated but remain unchanged
  已完成代码的生成
LINK : warning LNK4286: 符号“free”(在“libucrt.lib(free.obj)”中定义)已由“zlibstat.lib(zutil.obj)”导入
LINK : warning LNK4286: 符号“malloc”(在“libucrt.lib(malloc.obj)”中定义)已由“zlibstat.lib(zutil.obj)”导入
zlibstat.lib(adler32.obj) : warning LNK4099: 未找到 PDB“zlibstat.pdb”(使用“zlibstat.lib(adler32.obj)”或在“D:\vsproject\PEShell\x64\Release\zlibstat.pdb”中寻找)；正在链接对象，如同没有调试信息一样
zlibstat.lib(compress.obj) : warning LNK4099: 未找到 PDB“zlibstat.pdb”(使用“zlibstat.lib(compress.obj)”或在“D:\vsproject\PEShell\x64\Release\zlibstat.pdb”中寻找)；正在链接对象，如同没有调试信息一样
zlibstat.lib(crc32.obj) : warning LNK4099: 未找到 PDB“zlibstat.pdb”(使用“zlibstat.lib(crc32.obj)”或在“D:\vsproject\PEShell\x64\Release\zlibstat.pdb”中寻找)；正在链接对象，如同没有调试信息一样
zlibstat.lib(deflate.obj) : warning LNK4099: 未找到 PDB“”(使用“zlibstat.lib(deflate.obj)”或在“”中寻找)；正在链接对象，如同没有调试信息一样
zlibstat.lib(trees.obj) : warning LNK4099: 未找到 PDB“”(使用“zlibstat.lib(trees.obj)”或在“”中寻找)；正在链接对象，如同没有调试信息一样
zlibstat.lib(zutil.obj) : warning LNK4099: 未找到 PDB“zlibstat.pdb”(使用“zlibstat.lib(zutil.obj)”或在“D:\vsproject\PEShell\x64\Release\zlibstat.pdb”中寻找)；正在链接对象，如同没有调试信息一样
  PEShell.vcxproj -> D:\vsproject\PEShell\x64\Release\PEShell.exe
